total 203
drwx------. 18 u0_a256 u0_a256  3452 Sep  8 11:30 .
drwx------. 12 u0_a256 u0_a256  3452 Sep  8 11:24 ..
-rw-------.  1 u0_a256 u0_a256   967 Sep  8 11:30 .editorconfig
drwx------.  7 u0_a256 u0_a256  3452 Sep  8 11:30 .git
drwx------.  5 u0_a256 u0_a256  3452 Sep  8 11:30 .github
-rw-------.  1 u0_a256 u0_a256   549 Sep  8 11:30 .gitignore
drwx------.  2 u0_a256 u0_a256  3452 Sep  8 11:30 .idea
-rw-------.  1 u0_a256 u0_a256  3265 Sep  8 11:30 3RD_PARTY.md
-rw-------.  1 u0_a256 u0_a256 22002 Sep  8 11:30 CHANGELOG.md
-rw-------.  1 u0_a256 u0_a256  5219 Sep  8 11:30 CODE_OF_CONDUCT.md
-rw-------.  1 u0_a256 u0_a256 16106 Sep  8 11:30 CONTRIBUTING.md
-rw-------.  1 u0_a256 u0_a256 12068 Sep  8 11:30 HELP.md
-rw-------.  1 u0_a256 u0_a256  6100 Sep  8 11:30 INSTALL.md
-rw-------.  1 u0_a256 u0_a256  7651 Sep  8 11:30 LICENSE
-rw-------.  1 u0_a256 u0_a256   279 Sep  8 11:30 LICENSE_ADDITIONAL
-rw-------.  1 u0_a256 u0_a256  1719 Sep  8 11:30 PRIVACY.md
-rw-------.  1 u0_a256 u0_a256 12911 Sep  8 11:30 README.md
drwx------.  4 u0_a256 u0_a256  3452 Sep  8 11:30 app
-rw-------.  1 u0_a256 u0_a256   674 Sep  8 11:30 build.gradle.kts
drwx------.  3 u0_a256 u0_a256  3452 Sep  8 11:30 buildSrc
drwx------.  3 u0_a256 u0_a256  3452 Sep  8 11:30 config
drwx------.  3 u0_a256 u0_a256  3452 Sep  8 11:30 config-fork
drwx------.  3 u0_a256 u0_a256  3452 Sep  8 11:30 data
drwx------.  2 u0_a256 u0_a256  3452 Sep  8 11:30 docs
drwx------.  3 u0_a256 u0_a256  3452 Sep  8 11:30 domain
drwx------.  3 u0_a256 u0_a256  3452 Sep  8 11:30 fastlane
drwx------.  3 u0_a256 u0_a256  3452 Sep  8 11:30 gradle
-rw-------.  1 u0_a256 u0_a256  3005 Sep  8 11:30 gradle.properties
-rwx------.  1 u0_a256 u0_a256  8656 Sep  8 11:30 gradlew
-rw-------.  1 u0_a256 u0_a256  2848 Sep  8 11:30 gradlew.bat
drwx------.  3 u0_a256 u0_a256  3452 Sep  8 11:30 maps-utils
-rw-------.  1 u0_a256 u0_a256  1286 Sep  8 11:30 settings.gradle.kts
drwx------.  3 u0_a256 u0_a256  3452 Sep  8 11:30 ui-weather-view
drwx------.  3 u0_a256 u0_a256  3452 Sep  8 11:30 weather-unit
drwx------.  2 u0_a256 u0_a256  3452 Sep  8 11:30 work
